[0.050s] DEBUG:colcon:Command line arguments: ['/usr/bin/colcon', 'build']
[0.050s] DEBUG:colcon:Parsed command line arguments: Namespace(log_base=None, log_level=None, verb_name='build', build_base='build', install_base='install', merge_install=False, symlink_install=False, test_result_base=None, continue_on_error=False, executor='parallel', parallel_workers=4, event_handlers=None, ignore_user_meta=False, metas=['./colcon.meta'], base_paths=['.'], packages_ignore=None, packages_ignore_regex=None, paths=None, packages_up_to=None, packages_up_to_regex=None, packages_above=None, packages_above_and_dependencies=None, packages_above_depth=None, packages_select_by_dep=None, packages_skip_by_dep=None, packages_skip_up_to=None, packages_select_build_failed=False, packages_skip_build_finished=False, packages_select_test_failures=False, packages_skip_test_passed=False, packages_select=None, packages_skip=None, packages_select_regex=None, packages_skip_regex=None, packages_start=None, packages_end=None, allow_overriding=[], cmake_args=None, cmake_target=None, cmake_target_skip_unavailable=False, cmake_clean_cache=False, cmake_clean_first=False, cmake_force_configure=False, ament_cmake_args=None, catkin_cmake_args=None, catkin_skip_building_tests=False, mixin_files=None, mixin=None, verb_parser=<colcon_mixin.mixin.mixin_argument.MixinArgumentDecorator object at 0xe66cd6ce4ce0>, verb_extension=<colcon_core.verb.build.BuildVerb object at 0xe66cd6ce4620>, main=<bound method BuildVerb.main of <colcon_core.verb.build.BuildVerb object at 0xe66cd6ce4620>>, mixin_verb=('build',))
[0.069s] Level 1:colcon.colcon_core.package_discovery:discover_packages(colcon_meta) check parameters
[0.069s] Level 1:colcon.colcon_core.package_discovery:discover_packages(recursive) check parameters
[0.069s] Level 1:colcon.colcon_core.package_discovery:discover_packages(ignore) check parameters
[0.069s] Level 1:colcon.colcon_core.package_discovery:discover_packages(path) check parameters
[0.069s] Level 1:colcon.colcon_core.package_discovery:discover_packages(colcon_meta) discover
[0.069s] Level 1:colcon.colcon_core.package_discovery:discover_packages(recursive) discover
[0.069s] INFO:colcon.colcon_core.package_discovery:Crawling recursively for packages in '/home/k/Vihang/ros2_ws'
[0.069s] Level 1:colcon.colcon_core.package_identification:_identify(.) by extensions ['ignore', 'ignore_ament_install']
[0.069s] Level 1:colcon.colcon_core.package_identification:_identify(.) by extension 'ignore'
[0.069s] Level 1:colcon.colcon_core.package_identification:_identify(.) by extension 'ignore_ament_install'
[0.069s] Level 1:colcon.colcon_core.package_identification:_identify(.) by extensions ['colcon_pkg']
[0.069s] Level 1:colcon.colcon_core.package_identification:_identify(.) by extension 'colcon_pkg'
[0.069s] Level 1:colcon.colcon_core.package_identification:_identify(.) by extensions ['colcon_meta']
[0.069s] Level 1:colcon.colcon_core.package_identification:_identify(.) by extension 'colcon_meta'
[0.069s] Level 1:colcon.colcon_core.package_identification:_identify(.) by extensions ['ros']
[0.069s] Level 1:colcon.colcon_core.package_identification:_identify(.) by extension 'ros'
[0.082s] Level 1:colcon.colcon_core.package_identification:_identify(.) by extensions ['cmake', 'python']
[0.082s] Level 1:colcon.colcon_core.package_identification:_identify(.) by extension 'cmake'
[0.082s] Level 1:colcon.colcon_core.package_identification:_identify(.) by extension 'python'
[0.082s] Level 1:colcon.colcon_core.package_identification:_identify(.) by extensions ['python_setup_py']
[0.082s] Level 1:colcon.colcon_core.package_identification:_identify(.) by extension 'python_setup_py'
[0.082s] Level 1:colcon.colcon_core.package_identification:_identify(build) by extensions ['ignore', 'ignore_ament_install']
[0.082s] Level 1:colcon.colcon_core.package_identification:_identify(build) by extension 'ignore'
[0.082s] Level 1:colcon.colcon_core.package_identification:_identify(build) ignored
[0.082s] Level 1:colcon.colcon_core.package_identification:_identify(install) by extensions ['ignore', 'ignore_ament_install']
[0.082s] Level 1:colcon.colcon_core.package_identification:_identify(install) by extension 'ignore'
[0.082s] Level 1:colcon.colcon_core.package_identification:_identify(install) ignored
[0.082s] Level 1:colcon.colcon_core.package_identification:_identify(log) by extensions ['ignore', 'ignore_ament_install']
[0.082s] Level 1:colcon.colcon_core.package_identification:_identify(log) by extension 'ignore'
[0.082s] Level 1:colcon.colcon_core.package_identification:_identify(log) ignored
[0.082s] Level 1:colcon.colcon_core.package_identification:_identify(small_object) by extensions ['ignore', 'ignore_ament_install']
[0.082s] Level 1:colcon.colcon_core.package_identification:_identify(small_object) by extension 'ignore'
[0.082s] Level 1:colcon.colcon_core.package_identification:_identify(small_object) by extension 'ignore_ament_install'
[0.082s] Level 1:colcon.colcon_core.package_identification:_identify(small_object) by extensions ['colcon_pkg']
[0.082s] Level 1:colcon.colcon_core.package_identification:_identify(small_object) by extension 'colcon_pkg'
[0.082s] Level 1:colcon.colcon_core.package_identification:_identify(small_object) by extensions ['colcon_meta']
[0.082s] Level 1:colcon.colcon_core.package_identification:_identify(small_object) by extension 'colcon_meta'
[0.082s] Level 1:colcon.colcon_core.package_identification:_identify(small_object) by extensions ['ros']
[0.082s] Level 1:colcon.colcon_core.package_identification:_identify(small_object) by extension 'ros'
[0.083s] DEBUG:colcon.colcon_core.package_identification:Package 'small_object' with type 'ros.ament_cmake' and name 'small_object'
[0.083s] Level 1:colcon.colcon_core.package_discovery:discover_packages(recursive) using defaults
[0.083s] Level 1:colcon.colcon_core.package_discovery:discover_packages(ignore) discover
[0.083s] Level 1:colcon.colcon_core.package_discovery:discover_packages(ignore) using defaults
[0.083s] Level 1:colcon.colcon_core.package_discovery:discover_packages(path) discover
[0.083s] Level 1:colcon.colcon_core.package_discovery:discover_packages(path) using defaults
[0.092s] Level 1:colcon.colcon_core.package_discovery:discover_packages(prefix_path) check parameters
[0.092s] Level 1:colcon.colcon_core.package_discovery:discover_packages(prefix_path) discover
[0.093s] DEBUG:colcon.colcon_installed_package_information.package_discovery:Found 315 installed packages in /opt/ros/jazzy
[0.094s] Level 1:colcon.colcon_core.package_discovery:discover_packages(prefix_path) using defaults
[0.113s] Level 5:colcon.colcon_core.verb:set package 'small_object' build argument 'cmake_args' from command line to 'None'
[0.113s] Level 5:colcon.colcon_core.verb:set package 'small_object' build argument 'cmake_target' from command line to 'None'
[0.113s] Level 5:colcon.colcon_core.verb:set package 'small_object' build argument 'cmake_target_skip_unavailable' from command line to 'False'
[0.113s] Level 5:colcon.colcon_core.verb:set package 'small_object' build argument 'cmake_clean_cache' from command line to 'False'
[0.113s] Level 5:colcon.colcon_core.verb:set package 'small_object' build argument 'cmake_clean_first' from command line to 'False'
[0.113s] Level 5:colcon.colcon_core.verb:set package 'small_object' build argument 'cmake_force_configure' from command line to 'False'
[0.113s] Level 5:colcon.colcon_core.verb:set package 'small_object' build argument 'ament_cmake_args' from command line to 'None'
[0.113s] Level 5:colcon.colcon_core.verb:set package 'small_object' build argument 'catkin_cmake_args' from command line to 'None'
[0.113s] Level 5:colcon.colcon_core.verb:set package 'small_object' build argument 'catkin_skip_building_tests' from command line to 'False'
[0.113s] DEBUG:colcon.colcon_core.verb:Building package 'small_object' with the following arguments: {'ament_cmake_args': None, 'build_base': '/home/k/Vihang/ros2_ws/build/small_object', 'catkin_cmake_args': None, 'catkin_skip_building_tests': False, 'cmake_args': None, 'cmake_clean_cache': False, 'cmake_clean_first': False, 'cmake_force_configure': False, 'cmake_target': None, 'cmake_target_skip_unavailable': False, 'install_base': '/home/k/Vihang/ros2_ws/install/small_object', 'merge_install': False, 'path': '/home/k/Vihang/ros2_ws/small_object', 'symlink_install': False, 'test_result_base': None}
[0.113s] INFO:colcon.colcon_core.executor:Executing jobs using 'parallel' executor
[0.114s] DEBUG:colcon.colcon_parallel_executor.executor.parallel:run_until_complete
[0.114s] INFO:colcon.colcon_ros.task.ament_cmake.build:Building ROS package in '/home/k/Vihang/ros2_ws/small_object' with build type 'ament_cmake'
[0.114s] INFO:colcon.colcon_cmake.task.cmake.build:Building CMake package in '/home/k/Vihang/ros2_ws/small_object'
[0.115s] INFO:colcon.colcon_core.plugin_system:Skipping extension 'colcon_core.shell.bat': Not used on non-Windows systems
[0.115s] INFO:colcon.colcon_core.shell:Skip shell extension 'powershell' for command environment: Not usable outside of PowerShell
[0.115s] DEBUG:colcon.colcon_core.shell:Skip shell extension 'dsv' for command environment
[0.120s] DEBUG:colcon.colcon_core.event_handler.log_command:Invoking command in '/home/k/Vihang/ros2_ws/build/small_object': CMAKE_PREFIX_PATH=${CMAKE_PREFIX_PATH}:/opt/ros/jazzy DEBUGINFOD_URLS=https://debuginfod.ubuntu.com /usr/bin/cmake --build /home/k/Vihang/ros2_ws/build/small_object -- -j4 -l4
[0.144s] DEBUG:colcon.colcon_core.event_handler.log_command:Invoked command in '/home/k/Vihang/ros2_ws/build/small_object' returned '0': CMAKE_PREFIX_PATH=${CMAKE_PREFIX_PATH}:/opt/ros/jazzy DEBUGINFOD_URLS=https://debuginfod.ubuntu.com /usr/bin/cmake --build /home/k/Vihang/ros2_ws/build/small_object -- -j4 -l4
[0.148s] DEBUG:colcon.colcon_core.event_handler.log_command:Invoking command in '/home/k/Vihang/ros2_ws/build/small_object': CMAKE_PREFIX_PATH=${CMAKE_PREFIX_PATH}:/opt/ros/jazzy DEBUGINFOD_URLS=https://debuginfod.ubuntu.com /usr/bin/cmake --install /home/k/Vihang/ros2_ws/build/small_object
[0.157s] Level 1:colcon.colcon_core.environment:create_environment_scripts_only(small_object)
[0.158s] DEBUG:colcon.colcon_core.event_handler.log_command:Invoked command in '/home/k/Vihang/ros2_ws/build/small_object' returned '0': CMAKE_PREFIX_PATH=${CMAKE_PREFIX_PATH}:/opt/ros/jazzy DEBUGINFOD_URLS=https://debuginfod.ubuntu.com /usr/bin/cmake --install /home/k/Vihang/ros2_ws/build/small_object
[0.158s] Level 1:colcon.colcon_core.environment:checking '/home/k/Vihang/ros2_ws/install/small_object' for CMake module files
[0.159s] Level 1:colcon.colcon_core.environment:checking '/home/k/Vihang/ros2_ws/install/small_object' for CMake config files
[0.159s] Level 1:colcon.colcon_core.shell:create_environment_hook('small_object', 'cmake_prefix_path')
[0.159s] INFO:colcon.colcon_core.shell:Creating environment hook '/home/k/Vihang/ros2_ws/install/small_object/share/small_object/hook/cmake_prefix_path.ps1'
[0.159s] INFO:colcon.colcon_core.shell:Creating environment descriptor '/home/k/Vihang/ros2_ws/install/small_object/share/small_object/hook/cmake_prefix_path.dsv'
[0.159s] INFO:colcon.colcon_core.shell:Creating environment hook '/home/k/Vihang/ros2_ws/install/small_object/share/small_object/hook/cmake_prefix_path.sh'
[0.160s] Level 1:colcon.colcon_core.environment:checking '/home/k/Vihang/ros2_ws/install/small_object/bin'
[0.160s] Level 1:colcon.colcon_core.environment:checking '/home/k/Vihang/ros2_ws/install/small_object/lib/pkgconfig/small_object.pc'
[0.160s] Level 1:colcon.colcon_core.environment:checking '/home/k/Vihang/ros2_ws/install/small_object/lib/python3.12/site-packages'
[0.160s] Level 1:colcon.colcon_core.environment:checking '/home/k/Vihang/ros2_ws/install/small_object/bin'
[0.160s] INFO:colcon.colcon_core.shell:Creating package script '/home/k/Vihang/ros2_ws/install/small_object/share/small_object/package.ps1'
[0.161s] INFO:colcon.colcon_core.shell:Creating package descriptor '/home/k/Vihang/ros2_ws/install/small_object/share/small_object/package.dsv'
[0.161s] INFO:colcon.colcon_core.shell:Creating package script '/home/k/Vihang/ros2_ws/install/small_object/share/small_object/package.sh'
[0.161s] INFO:colcon.colcon_core.shell:Creating package script '/home/k/Vihang/ros2_ws/install/small_object/share/small_object/package.bash'
[0.162s] INFO:colcon.colcon_core.shell:Creating package script '/home/k/Vihang/ros2_ws/install/small_object/share/small_object/package.zsh'
[0.162s] Level 1:colcon.colcon_core.environment:create_file_with_runtime_dependencies(/home/k/Vihang/ros2_ws/install/small_object/share/colcon-core/packages/small_object)
[0.162s] Level 1:colcon.colcon_core.environment:create_environment_scripts_only(small_object)
[0.162s] Level 1:colcon.colcon_core.environment:checking '/home/k/Vihang/ros2_ws/install/small_object' for CMake module files
[0.163s] Level 1:colcon.colcon_core.environment:checking '/home/k/Vihang/ros2_ws/install/small_object' for CMake config files
[0.163s] Level 1:colcon.colcon_core.shell:create_environment_hook('small_object', 'cmake_prefix_path')
[0.163s] INFO:colcon.colcon_core.shell:Creating environment hook '/home/k/Vihang/ros2_ws/install/small_object/share/small_object/hook/cmake_prefix_path.ps1'
[0.163s] INFO:colcon.colcon_core.shell:Creating environment descriptor '/home/k/Vihang/ros2_ws/install/small_object/share/small_object/hook/cmake_prefix_path.dsv'
[0.163s] INFO:colcon.colcon_core.shell:Creating environment hook '/home/k/Vihang/ros2_ws/install/small_object/share/small_object/hook/cmake_prefix_path.sh'
[0.164s] Level 1:colcon.colcon_core.environment:checking '/home/k/Vihang/ros2_ws/install/small_object/bin'
[0.164s] Level 1:colcon.colcon_core.environment:checking '/home/k/Vihang/ros2_ws/install/small_object/lib/pkgconfig/small_object.pc'
[0.164s] Level 1:colcon.colcon_core.environment:checking '/home/k/Vihang/ros2_ws/install/small_object/lib/python3.12/site-packages'
[0.164s] Level 1:colcon.colcon_core.environment:checking '/home/k/Vihang/ros2_ws/install/small_object/bin'
[0.164s] INFO:colcon.colcon_core.shell:Creating package script '/home/k/Vihang/ros2_ws/install/small_object/share/small_object/package.ps1'
[0.164s] INFO:colcon.colcon_core.shell:Creating package descriptor '/home/k/Vihang/ros2_ws/install/small_object/share/small_object/package.dsv'
[0.164s] INFO:colcon.colcon_core.shell:Creating package script '/home/k/Vihang/ros2_ws/install/small_object/share/small_object/package.sh'
[0.165s] INFO:colcon.colcon_core.shell:Creating package script '/home/k/Vihang/ros2_ws/install/small_object/share/small_object/package.bash'
[0.165s] INFO:colcon.colcon_core.shell:Creating package script '/home/k/Vihang/ros2_ws/install/small_object/share/small_object/package.zsh'
[0.165s] Level 1:colcon.colcon_core.environment:create_file_with_runtime_dependencies(/home/k/Vihang/ros2_ws/install/small_object/share/colcon-core/packages/small_object)
[0.165s] DEBUG:colcon.colcon_parallel_executor.executor.parallel:closing loop
[0.166s] DEBUG:colcon.colcon_parallel_executor.executor.parallel:loop closed
[0.166s] DEBUG:colcon.colcon_parallel_executor.executor.parallel:run_until_complete finished with '0'
[0.166s] DEBUG:colcon.colcon_core.event_reactor:joining thread
[0.168s] INFO:colcon.colcon_core.plugin_system:Skipping extension 'colcon_notification.desktop_notification.terminal_notifier': Not used on non-Darwin systems
[0.168s] INFO:colcon.colcon_core.plugin_system:Skipping extension 'colcon_notification.desktop_notification.win32': Not used on non-Windows systems
[0.168s] INFO:colcon.colcon_notification.desktop_notification:Sending desktop notification using 'notify2'
[0.177s] DEBUG:colcon.colcon_core.event_reactor:joined thread
[0.178s] INFO:colcon.colcon_core.shell:Creating prefix script '/home/k/Vihang/ros2_ws/install/local_setup.ps1'
[0.178s] INFO:colcon.colcon_core.shell:Creating prefix util module '/home/k/Vihang/ros2_ws/install/_local_setup_util_ps1.py'
[0.179s] INFO:colcon.colcon_core.shell:Creating prefix chain script '/home/k/Vihang/ros2_ws/install/setup.ps1'
[0.180s] INFO:colcon.colcon_core.shell:Creating prefix script '/home/k/Vihang/ros2_ws/install/local_setup.sh'
[0.180s] INFO:colcon.colcon_core.shell:Creating prefix util module '/home/k/Vihang/ros2_ws/install/_local_setup_util_sh.py'
[0.180s] INFO:colcon.colcon_core.shell:Creating prefix chain script '/home/k/Vihang/ros2_ws/install/setup.sh'
[0.181s] INFO:colcon.colcon_core.shell:Creating prefix script '/home/k/Vihang/ros2_ws/install/local_setup.bash'
[0.181s] INFO:colcon.colcon_core.shell:Creating prefix chain script '/home/k/Vihang/ros2_ws/install/setup.bash'
[0.181s] INFO:colcon.colcon_core.shell:Creating prefix script '/home/k/Vihang/ros2_ws/install/local_setup.zsh'
[0.182s] INFO:colcon.colcon_core.shell:Creating prefix chain script '/home/k/Vihang/ros2_ws/install/setup.zsh'
