[0.007s] Invoking command in '/home/k/ros2_ws/Vihang/src/build/vihang_description': CMAKE_PREFIX_PATH=${CMAKE_PREFIX_PATH}:/opt/ros/kilted DEBUGINFOD_URLS=https://debuginfod.ubuntu.com /usr/bin/cmake /home/k/ros2_ws/Vihang/src/vihang_description -DCMAKE_INSTALL_PREFIX=/home/k/ros2_ws/Vihang/src/install/vihang_description
[0.054s] -- The C compiler identification is GNU 13.3.0
[0.093s] -- The CXX compiler identification is GNU 13.3.0
[0.107s] -- Detecting C compiler ABI info
[0.151s] -- Detecting C compiler ABI info - done
[0.156s] -- Check for working C compiler: /usr/lib/ccache/cc - skipped
[0.156s] -- Detecting C compile features
[0.157s] -- Detecting C compile features - done
[0.163s] -- Detecting CXX compiler ABI info
[0.206s] -- Detecting CXX compiler ABI info - done
[0.212s] -- Check for working CXX compiler: /usr/lib/ccache/c++ - skipped
[0.212s] -- Detecting CXX compile features
[0.212s] -- Detecting CXX compile features - done
[0.216s] -- Found ament_cmake: 2.7.3 (/opt/ros/kilted/share/ament_cmake/cmake)
[0.292s] -- Found Python3: /usr/bin/python3 (found version "3.12.3") found components: Interpreter 
[0.362s] -- Found ament_lint_auto: 0.19.2 (/opt/ros/kilted/share/ament_lint_auto/cmake)
[0.421s] -- Added test 'flake8' to check Python code syntax and style conventions
[0.421s] -- Configured 'flake8' exclude dirs and/or files: 
[0.421s] -- Added test 'lint_cmake' to check CMake code style
[0.422s] -- Added test 'pep257' to check Python code against some of the docstring style conventions in PEP 257
[0.423s] -- Added test 'xmllint' to check XML markup files
[0.424s] -- Configuring done (0.4s)
[0.426s] -- Generating done (0.0s)
[0.427s] -- Build files have been written to: /home/k/ros2_ws/Vihang/src/build/vihang_description
[0.429s] Invoked command in '/home/k/ros2_ws/Vihang/src/build/vihang_description' returned '0': CMAKE_PREFIX_PATH=${CMAKE_PREFIX_PATH}:/opt/ros/kilted DEBUGINFOD_URLS=https://debuginfod.ubuntu.com /usr/bin/cmake /home/k/ros2_ws/Vihang/src/vihang_description -DCMAKE_INSTALL_PREFIX=/home/k/ros2_ws/Vihang/src/install/vihang_description
[0.430s] Invoking command in '/home/k/ros2_ws/Vihang/src/build/vihang_description': CMAKE_PREFIX_PATH=${CMAKE_PREFIX_PATH}:/opt/ros/kilted DEBUGINFOD_URLS=https://debuginfod.ubuntu.com /usr/bin/cmake --build /home/k/ros2_ws/Vihang/src/build/vihang_description -- -j4 -l4
[0.448s] Invoked command in '/home/k/ros2_ws/Vihang/src/build/vihang_description' returned '0': CMAKE_PREFIX_PATH=${CMAKE_PREFIX_PATH}:/opt/ros/kilted DEBUGINFOD_URLS=https://debuginfod.ubuntu.com /usr/bin/cmake --build /home/k/ros2_ws/Vihang/src/build/vihang_description -- -j4 -l4
[0.453s] Invoking command in '/home/k/ros2_ws/Vihang/src/build/vihang_description': CMAKE_PREFIX_PATH=${CMAKE_PREFIX_PATH}:/opt/ros/kilted DEBUGINFOD_URLS=https://debuginfod.ubuntu.com /usr/bin/cmake --install /home/k/ros2_ws/Vihang/src/build/vihang_description
[0.457s] -- Install configuration: ""
[0.457s] -- Installing: /home/k/ros2_ws/Vihang/src/install/vihang_description/share/vihang_description/launch
[0.457s] -- Installing: /home/k/ros2_ws/Vihang/src/install/vihang_description/share/vihang_description/launch/gazebo.launch.py
[0.457s] -- Installing: /home/k/ros2_ws/Vihang/src/install/vihang_description/share/vihang_description/launch/display.launch.py
[0.457s] -- Installing: /home/k/ros2_ws/Vihang/src/install/vihang_description/share/vihang_description/meshes
[0.457s] -- Installing: /home/k/ros2_ws/Vihang/src/install/vihang_description/share/vihang_description/meshes/body.stl
[0.469s] -- Installing: /home/k/ros2_ws/Vihang/src/install/vihang_description/share/vihang_description/meshes/rotor.stl
[0.472s] -- Installing: /home/k/ros2_ws/Vihang/src/install/vihang_description/share/vihang_description/meshes/wing.stl
[0.472s] -- Installing: /home/k/ros2_ws/Vihang/src/install/vihang_description/share/vihang_description/urdf
[0.472s] -- Installing: /home/k/ros2_ws/Vihang/src/install/vihang_description/share/vihang_description/urdf/vihang.urdf.xacro
[0.472s] -- Installing: /home/k/ros2_ws/Vihang/src/install/vihang_description/share/ament_index/resource_index/package_run_dependencies/vihang_description
[0.472s] -- Installing: /home/k/ros2_ws/Vihang/src/install/vihang_description/share/ament_index/resource_index/parent_prefix_path/vihang_description
[0.472s] -- Installing: /home/k/ros2_ws/Vihang/src/install/vihang_description/share/vihang_description/environment/ament_prefix_path.sh
[0.473s] -- Installing: /home/k/ros2_ws/Vihang/src/install/vihang_description/share/vihang_description/environment/ament_prefix_path.dsv
[0.473s] -- Installing: /home/k/ros2_ws/Vihang/src/install/vihang_description/share/vihang_description/environment/path.sh
[0.473s] -- Installing: /home/k/ros2_ws/Vihang/src/install/vihang_description/share/vihang_description/environment/path.dsv
[0.473s] -- Installing: /home/k/ros2_ws/Vihang/src/install/vihang_description/share/vihang_description/local_setup.bash
[0.473s] -- Installing: /home/k/ros2_ws/Vihang/src/install/vihang_description/share/vihang_description/local_setup.sh
[0.473s] -- Installing: /home/k/ros2_ws/Vihang/src/install/vihang_description/share/vihang_description/local_setup.zsh
[0.473s] -- Installing: /home/k/ros2_ws/Vihang/src/install/vihang_description/share/vihang_description/local_setup.dsv
[0.473s] -- Installing: /home/k/ros2_ws/Vihang/src/install/vihang_description/share/vihang_description/package.dsv
[0.473s] -- Installing: /home/k/ros2_ws/Vihang/src/install/vihang_description/share/ament_index/resource_index/packages/vihang_description
[0.473s] -- Installing: /home/k/ros2_ws/Vihang/src/install/vihang_description/share/vihang_description/cmake/vihang_descriptionConfig.cmake
[0.473s] -- Installing: /home/k/ros2_ws/Vihang/src/install/vihang_description/share/vihang_description/cmake/vihang_descriptionConfig-version.cmake
[0.473s] -- Installing: /home/k/ros2_ws/Vihang/src/install/vihang_description/share/vihang_description/package.xml
[0.474s] Invoked command in '/home/k/ros2_ws/Vihang/src/build/vihang_description' returned '0': CMAKE_PREFIX_PATH=${CMAKE_PREFIX_PATH}:/opt/ros/kilted DEBUGINFOD_URLS=https://debuginfod.ubuntu.com /usr/bin/cmake --install /home/k/ros2_ws/Vihang/src/build/vihang_description
